Job 1795637: Running on node(s) kersey
Job 1795637: Started at 2025-04-20 01:08:12+0200
Monitor this job here: http://monitoring.pegasus.kl.dfki.de/d/slurm-job-details/job-details?var-jobid=1795637&from=1745104092000
srun: jobinfo: version v1.0.0
Job 1795637: Running on node(s) kersey
Job 1795637: Started at 2025-04-20 01:08:12+0200
Monitor this job here: http://monitoring.pegasus.kl.dfki.de/d/slurm-job-details/job-details?var-jobid=1795637&from=1745104092000
Job 1795637: creating container for /netscratch/jsingh/pyskl7.sqsh
Job 1795637: creating container for /netscratch/jsingh/pyskl7.sqsh took 30.4 seconds
✅ Saved: /netscratch/jsingh/thesis_dataset/full_dataset/skletons/splits/pyskl/S4__with_null_annotations.pkl
✅ Saved: /netscratch/jsingh/thesis_dataset/full_dataset/skletons/splits/pyskl/S5__with_null_annotations.pkl
✅ Saved: /netscratch/jsingh/thesis_dataset/full_dataset/skletons/splits/pyskl/S2__with_null_annotations.pkl
✅ Saved: /netscratch/jsingh/thesis_dataset/full_dataset/skletons/splits/pyskl/S1__with_null_annotations.pkl
✅ Saved: /netscratch/jsingh/thesis_dataset/full_dataset/skletons/splits/pyskl/S3__with_null_annotations.pkl
✅ Saved: /netscratch/jsingh/thesis_dataset/full_dataset/skletons/splits/pyskl/P5__with_null_annotations.pkl
✅ Saved: /netscratch/jsingh/thesis_dataset/full_dataset/skletons/splits/pyskl/P8__with_null_annotations.pkl
✅ Saved: /netscratch/jsingh/thesis_dataset/full_dataset/skletons/splits/pyskl/P11__with_null_annotations.pkl
✅ Saved: /netscratch/jsingh/thesis_dataset/full_dataset/skletons/splits/pyskl/P9__with_null_annotations.pkl
✅ Saved: /netscratch/jsingh/thesis_dataset/full_dataset/skletons/splits/pyskl/P7__with_null_annotations.pkl
✅ Saved: /netscratch/jsingh/thesis_dataset/full_dataset/skletons/splits/pyskl/P6__with_null_annotations.pkl
✅ Saved: /netscratch/jsingh/thesis_dataset/full_dataset/skletons/splits/pyskl/P2__with_null_annotations.pkl
✅ Saved: /netscratch/jsingh/thesis_dataset/full_dataset/skletons/splits/pyskl/P10__with_null_annotations.pkl
✅ Saved: /netscratch/jsingh/thesis_dataset/full_dataset/skletons/splits/pyskl/P1__with_null_annotations.pkl
✅ Saved: /netscratch/jsingh/thesis_dataset/full_dataset/skletons/splits/pyskl/P3__with_null_annotations.pkl
✅ Saved: /netscratch/jsingh/thesis_dataset/full_dataset/skletons/splits/pyskl/S4_annotations.pkl
✅ Saved: /netscratch/jsingh/thesis_dataset/full_dataset/skletons/splits/pyskl/S5_annotations.pkl
✅ Saved: /netscratch/jsingh/thesis_dataset/full_dataset/skletons/splits/pyskl/S2_annotations.pkl
✅ Saved: /netscratch/jsingh/thesis_dataset/full_dataset/skletons/splits/pyskl/S1_annotations.pkl
✅ Saved: /netscratch/jsingh/thesis_dataset/full_dataset/skletons/splits/pyskl/S3_annotations.pkl
✅ Saved: /netscratch/jsingh/thesis_dataset/full_dataset/skletons/splits/pyskl/P5_annotations.pkl
✅ Saved: /netscratch/jsingh/thesis_dataset/full_dataset/skletons/splits/pyskl/P8_annotations.pkl
✅ Saved: /netscratch/jsingh/thesis_dataset/full_dataset/skletons/splits/pyskl/P11_annotations.pkl
✅ Saved: /netscratch/jsingh/thesis_dataset/full_dataset/skletons/splits/pyskl/P9_annotations.pkl
✅ Saved: /netscratch/jsingh/thesis_dataset/full_dataset/skletons/splits/pyskl/P7_annotations.pkl
✅ Saved: /netscratch/jsingh/thesis_dataset/full_dataset/skletons/splits/pyskl/P6_annotations.pkl
✅ Saved: /netscratch/jsingh/thesis_dataset/full_dataset/skletons/splits/pyskl/P2_annotations.pkl
✅ Saved: /netscratch/jsingh/thesis_dataset/full_dataset/skletons/splits/pyskl/P10_annotations.pkl
✅ Saved: /netscratch/jsingh/thesis_dataset/full_dataset/skletons/splits/pyskl/P1_annotations.pkl
✅ Saved: /netscratch/jsingh/thesis_dataset/full_dataset/skletons/splits/pyskl/P3_annotations.pkl
