Job 1795622: Running on node(s) kusel
Job 1795622: Started at 2025-04-20 00:51:48+0200
Monitor this job here: http://monitoring.pegasus.kl.dfki.de/d/slurm-job-details/job-details?var-jobid=1795622&from=1745103108000
srun: jobinfo: version v1.0.0
Job 1795622: Running on node(s) kusel
Job 1795622: Started at 2025-04-20 00:51:48+0200
Monitor this job here: http://monitoring.pegasus.kl.dfki.de/d/slurm-job-details/job-details?var-jobid=1795622&from=1745103108000
Job 1795622: creating container for /netscratch/jsingh/pyskl7.sqsh
Job 1795622: creating container for /netscratch/jsingh/pyskl7.sqsh took 29.7 seconds
Updated PYTHONPATH: :/home/jsingh/projects/thesis/code/pyskl_thesis/pyskl
2025-04-20 00:52:23,985 - pyskl - INFO - Environment info:
------------------------------------------------------------
sys.platform: linux
Python: 3.7.11 (default, Jul 27 2021, 14:32:16) [GCC 7.5.0]
CUDA available: True
GPU 0,1,2,3: Quadro RTX 6000
CUDA_HOME: /usr/local/cuda
NVCC: Cuda compilation tools, release 11.1, V11.1.105
GCC: gcc (Ubuntu 9.3.0-17ubuntu1~20.04) 9.3.0
PyTorch: 1.11.0
PyTorch compiling details: PyTorch built with:
  - GCC 7.3
  - C++ Version: 201402
  - Intel(R) oneAPI Math Kernel Library Version 2021.4-Product Build 20210904 for Intel(R) 64 architecture applications
  - Intel(R) MKL-DNN v2.5.2 (Git Hash a9302535553c73243c632ad3c4c80beec3d19a1e)
  - OpenMP 201511 (a.k.a. OpenMP 4.5)
  - LAPACK is enabled (usually provided by MKL)
  - NNPACK is enabled
  - CPU capability usage: AVX2
  - CUDA Runtime 11.3
  - NVCC architecture flags: -gencode;arch=compute_37,code=sm_37;-gencode;arch=compute_50,code=sm_50;-gencode;arch=compute_60,code=sm_60;-gencode;arch=compute_61,code=sm_61;-gencode;arch=compute_70,code=sm_70;-gencode;arch=compute_75,code=sm_75;-gencode;arch=compute_80,code=sm_80;-gencode;arch=compute_86,code=sm_86;-gencode;arch=compute_37,code=compute_37
  - CuDNN 8.2
  - Magma 2.5.2
  - Build settings: BLAS_INFO=mkl, BUILD_TYPE=Release, CUDA_VERSION=11.3, CUDNN_VERSION=8.2.0, CXX_COMPILER=/opt/rh/devtoolset-7/root/usr/bin/c++, CXX_FLAGS= -Wno-deprecated -fvisibility-inlines-hidden -DUSE_PTHREADPOOL -fopenmp -DNDEBUG -DUSE_KINETO -DUSE_FBGEMM -DUSE_QNNPACK -DUSE_PYTORCH_QNNPACK -DUSE_XNNPACK -DSYMBOLICATE_MOBILE_DEBUG_HANDLE -DEDGE_PROFILER_USE_KINETO -O2 -fPIC -Wno-narrowing -Wall -Wextra -Werror=return-type -Wno-missing-field-initializers -Wno-type-limits -Wno-array-bounds -Wno-unknown-pragmas -Wno-sign-compare -Wno-unused-parameter -Wno-unused-function -Wno-unused-result -Wno-unused-local-typedefs -Wno-strict-overflow -Wno-strict-aliasing -Wno-error=deprecated-declarations -Wno-stringop-overflow -Wno-psabi -Wno-error=pedantic -Wno-error=redundant-decls -Wno-error=old-style-cast -fdiagnostics-color=always -faligned-new -Wno-unused-but-set-variable -Wno-maybe-uninitialized -fno-math-errno -fno-trapping-math -Werror=format -Wno-stringop-overflow, LAPACK_INFO=mkl, PERF_WITH_AVX=1, PERF_WITH_AVX2=1, PERF_WITH_AVX512=1, TORCH_VERSION=1.11.0, USE_CUDA=ON, USE_CUDNN=ON, USE_EXCEPTION_PTR=1, USE_GFLAGS=OFF, USE_GLOG=OFF, USE_MKL=ON, USE_MKLDNN=OFF, USE_MPI=OFF, USE_NCCL=ON, USE_NNPACK=ON, USE_OPENMP=ON, USE_ROCM=OFF, 

TorchVision: 0.12.0
OpenCV: 4.10.0
MMCV: 1.5.0
MMCV Compiler: GCC 7.3
MMCV CUDA Compiler: 11.3
pyskl: 0.1.0+68c005f
------------------------------------------------------------

2025-04-20 00:52:26,443 - pyskl - INFO - Config: model = dict(
    type='Recognizer3D',
    backbone=dict(
        type='ResNet3dSlowOnly',
        in_channels=17,
        base_channels=32,
        num_stages=3,
        out_indices=(2, ),
        stage_blocks=(4, 6, 3),
        conv1_stride=(1, 1),
        pool1_stride=(1, 1),
        inflate=(0, 1, 1),
        spatial_strides=(2, 2, 2),
        temporal_strides=(1, 1, 2)),
    cls_head=dict(
        type='I3DHead', in_channels=512, num_classes=18, dropout=0.5),
    test_cfg=dict(average_clips='prob'))
dataset_type = 'PoseDataset'
ann_file = '/home/jsingh/projects/thesis/code/pyskl_thesis/P5__with_null_annotations.pkl'
left_kp = [1, 3, 5, 7, 9, 11, 13, 15]
right_kp = [2, 4, 6, 8, 10, 12, 14, 16]
skeletons = [[0, 5], [0, 6], [5, 7], [7, 9], [6, 8], [8, 10], [5, 11],
             [11, 13], [13, 15], [6, 12], [12, 14], [14, 16], [0, 1], [0, 2],
             [1, 3], [2, 4], [11, 12]]
left_limb = [0, 2, 3, 6, 7, 8, 12, 14]
right_limb = [1, 4, 5, 9, 10, 11, 13, 15]
train_pipeline = [
    dict(type='UniformSampleFrames', clip_len=48),
    dict(type='PoseDecode'),
    dict(type='PoseCompact', hw_ratio=1.0, allow_imgpad=True),
    dict(type='Resize', scale=(-1, 64)),
    dict(type='RandomResizedCrop', area_range=(0.56, 1.0)),
    dict(type='Resize', scale=(56, 56), keep_ratio=False),
    dict(
        type='Flip',
        flip_ratio=0.5,
        left_kp=[1, 3, 5, 7, 9, 11, 13, 15],
        right_kp=[2, 4, 6, 8, 10, 12, 14, 16]),
    dict(
        type='GeneratePoseTarget',
        with_kp=False,
        with_limb=True,
        skeletons=[[0, 5], [0, 6], [5, 7], [7, 9], [6, 8], [8, 10], [5, 11],
                   [11, 13], [13, 15], [6, 12], [12, 14], [14, 16], [0, 1],
                   [0, 2], [1, 3], [2, 4], [11, 12]]),
    dict(type='FormatShape', input_format='NCTHW_Heatmap'),
    dict(type='Collect', keys=['imgs', 'label'], meta_keys=[]),
    dict(type='ToTensor', keys=['imgs', 'label'])
]
val_pipeline = [
    dict(type='UniformSampleFrames', clip_len=48, num_clips=1),
    dict(type='PoseDecode'),
    dict(type='PoseCompact', hw_ratio=1.0, allow_imgpad=True),
    dict(type='Resize', scale=(64, 64), keep_ratio=False),
    dict(
        type='GeneratePoseTarget',
        with_kp=False,
        with_limb=True,
        skeletons=[[0, 5], [0, 6], [5, 7], [7, 9], [6, 8], [8, 10], [5, 11],
                   [11, 13], [13, 15], [6, 12], [12, 14], [14, 16], [0, 1],
                   [0, 2], [1, 3], [2, 4], [11, 12]]),
    dict(type='FormatShape', input_format='NCTHW_Heatmap'),
    dict(type='Collect', keys=['imgs', 'label'], meta_keys=[]),
    dict(type='ToTensor', keys=['imgs'])
]
test_pipeline = [
    dict(type='UniformSampleFrames', clip_len=48, num_clips=10),
    dict(type='PoseDecode'),
    dict(type='PoseCompact', hw_ratio=1.0, allow_imgpad=True),
    dict(type='Resize', scale=(64, 64), keep_ratio=False),
    dict(
        type='GeneratePoseTarget',
        with_kp=False,
        with_limb=True,
        skeletons=[[0, 5], [0, 6], [5, 7], [7, 9], [6, 8], [8, 10], [5, 11],
                   [11, 13], [13, 15], [6, 12], [12, 14], [14, 16], [0, 1],
                   [0, 2], [1, 3], [2, 4], [11, 12]],
        double=True,
        left_kp=[1, 3, 5, 7, 9, 11, 13, 15],
        right_kp=[2, 4, 6, 8, 10, 12, 14, 16],
        left_limb=[0, 2, 3, 6, 7, 8, 12, 14],
        right_limb=[1, 4, 5, 9, 10, 11, 13, 15]),
    dict(type='FormatShape', input_format='NCTHW_Heatmap'),
    dict(type='Collect', keys=['imgs', 'label'], meta_keys=[]),
    dict(type='ToTensor', keys=['imgs'])
]
data = dict(
    videos_per_gpu=32,
    workers_per_gpu=4,
    test_dataloader=dict(videos_per_gpu=1),
    train=dict(
        type='RepeatDataset',
        times=10,
        dataset=dict(
            type='PoseDataset',
            ann_file=
            '/home/jsingh/projects/thesis/code/pyskl_thesis/P5__with_null_annotations.pkl',
            split='train',
            pipeline=[
                dict(type='UniformSampleFrames', clip_len=48),
                dict(type='PoseDecode'),
                dict(type='PoseCompact', hw_ratio=1.0, allow_imgpad=True),
                dict(type='Resize', scale=(-1, 64)),
                dict(type='RandomResizedCrop', area_range=(0.56, 1.0)),
                dict(type='Resize', scale=(56, 56), keep_ratio=False),
                dict(
                    type='Flip',
                    flip_ratio=0.5,
                    left_kp=[1, 3, 5, 7, 9, 11, 13, 15],
                    right_kp=[2, 4, 6, 8, 10, 12, 14, 16]),
                dict(
                    type='GeneratePoseTarget',
                    with_kp=False,
                    with_limb=True,
                    skeletons=[[0, 5], [0, 6], [5, 7], [7, 9], [6, 8], [8, 10],
                               [5, 11], [11, 13], [13, 15], [6, 12], [12, 14],
                               [14, 16], [0, 1], [0, 2], [1, 3], [2, 4],
                               [11, 12]]),
                dict(type='FormatShape', input_format='NCTHW_Heatmap'),
                dict(type='Collect', keys=['imgs', 'label'], meta_keys=[]),
                dict(type='ToTensor', keys=['imgs', 'label'])
            ])),
    val=dict(
        type='PoseDataset',
        ann_file=
        '/home/jsingh/projects/thesis/code/pyskl_thesis/P5__with_null_annotations.pkl',
        split='test',
        pipeline=[
            dict(type='UniformSampleFrames', clip_len=48, num_clips=1),
            dict(type='PoseDecode'),
            dict(type='PoseCompact', hw_ratio=1.0, allow_imgpad=True),
            dict(type='Resize', scale=(64, 64), keep_ratio=False),
            dict(
                type='GeneratePoseTarget',
                with_kp=False,
                with_limb=True,
                skeletons=[[0, 5], [0, 6], [5, 7], [7, 9], [6, 8], [8, 10],
                           [5, 11], [11, 13], [13, 15], [6, 12], [12, 14],
                           [14, 16], [0, 1], [0, 2], [1, 3], [2, 4], [11,
                                                                      12]]),
            dict(type='FormatShape', input_format='NCTHW_Heatmap'),
            dict(type='Collect', keys=['imgs', 'label'], meta_keys=[]),
            dict(type='ToTensor', keys=['imgs'])
        ]),
    test=dict(
        type='PoseDataset',
        ann_file=
        '/home/jsingh/projects/thesis/code/pyskl_thesis/P5__with_null_annotations.pkl',
        split='test',
        pipeline=[
            dict(type='UniformSampleFrames', clip_len=48, num_clips=10),
            dict(type='PoseDecode'),
            dict(type='PoseCompact', hw_ratio=1.0, allow_imgpad=True),
            dict(type='Resize', scale=(64, 64), keep_ratio=False),
            dict(
                type='GeneratePoseTarget',
                with_kp=False,
                with_limb=True,
                skeletons=[[0, 5], [0, 6], [5, 7], [7, 9], [6, 8], [8, 10],
                           [5, 11], [11, 13], [13, 15], [6, 12], [12, 14],
                           [14, 16], [0, 1], [0, 2], [1, 3], [2, 4], [11, 12]],
                double=True,
                left_kp=[1, 3, 5, 7, 9, 11, 13, 15],
                right_kp=[2, 4, 6, 8, 10, 12, 14, 16],
                left_limb=[0, 2, 3, 6, 7, 8, 12, 14],
                right_limb=[1, 4, 5, 9, 10, 11, 13, 15]),
            dict(type='FormatShape', input_format='NCTHW_Heatmap'),
            dict(type='Collect', keys=['imgs', 'label'], meta_keys=[]),
            dict(type='ToTensor', keys=['imgs'])
        ]))
optimizer = dict(type='SGD', lr=0.4, momentum=0.9, weight_decay=0.0003)
optimizer_config = dict(grad_clip=dict(max_norm=40, norm_type=2))
lr_config = dict(policy='CosineAnnealing', by_epoch=False, min_lr=0)
total_epochs = 24
checkpoint_config = dict(interval=1)
evaluation = dict(
    interval=1, metrics=['top_k_accuracy', 'mean_class_accuracy'], topk=(1, 5))
log_config = dict(interval=20, hooks=[dict(type='TextLoggerHook')])
log_level = 'INFO'
work_dir = './work_dirs/posec3d/slowonly_r50_ntu60_xsub/limb_thesis'
dist_params = dict(backend='nccl')
gpu_ids = range(0, 1)

2025-04-20 00:52:26,443 - pyskl - INFO - Set random seed to 1466035817, deterministic: False
2025-04-20 00:52:27,426 - pyskl - INFO - 5794 videos remain before valid thresholding, pose dataset
2025-04-20 00:52:27,428 - pyskl - INFO - 5794 videos remain after valid thresholding, Pose dataset
2025-04-20 00:52:33,613 - pyskl - INFO - 644 videos remain before valid thresholding, pose dataset
2025-04-20 00:52:33,613 - pyskl - INFO - 644 videos remain after valid thresholding, Pose dataset
2025-04-20 00:52:33,614 - pyskl - INFO - Start running, host: jsingh@kusel, work_dir: /home/jsingh/projects/thesis/code/pyskl_thesis/work_dirs/posec3d/slowonly_r50_ntu60_xsub/limb_thesis
2025-04-20 00:52:33,614 - pyskl - INFO - Hooks will be executed in the following order:
before_run:
(VERY_HIGH   ) CosineAnnealingLrUpdaterHook       
(NORMAL      ) CheckpointHook                     
(NORMAL      ) DistEvalHook                       
(VERY_LOW    ) TextLoggerHook                     
 -------------------- 
before_train_epoch:
(VERY_HIGH   ) CosineAnnealingLrUpdaterHook       
(NORMAL      ) DistSamplerSeedHook                
(NORMAL      ) DistEvalHook                       
(LOW         ) IterTimerHook                      
(VERY_LOW    ) TextLoggerHook                     
 -------------------- 
before_train_iter:
(VERY_HIGH   ) CosineAnnealingLrUpdaterHook       
(NORMAL      ) DistEvalHook                       
(LOW         ) IterTimerHook                      
 -------------------- 
after_train_iter:
(ABOVE_NORMAL) OptimizerHook                      
(NORMAL      ) CheckpointHook                     
(NORMAL      ) DistEvalHook                       
(LOW         ) IterTimerHook                      
(VERY_LOW    ) TextLoggerHook                     
 -------------------- 
after_train_epoch:
(NORMAL      ) CheckpointHook                     
(NORMAL      ) DistEvalHook                       
(VERY_LOW    ) TextLoggerHook                     
 -------------------- 
before_val_epoch:
(NORMAL      ) DistSamplerSeedHook                
(LOW         ) IterTimerHook                      
(VERY_LOW    ) TextLoggerHook                     
 -------------------- 
before_val_iter:
(LOW         ) IterTimerHook                      
 -------------------- 
after_val_iter:
(LOW         ) IterTimerHook                      
 -------------------- 
after_val_epoch:
(VERY_LOW    ) TextLoggerHook                     
 -------------------- 
after_run:
(VERY_LOW    ) TextLoggerHook                     
 -------------------- 
2025-04-20 00:52:33,614 - pyskl - INFO - workflow: [('train', 1)], max: 24 epochs
2025-04-20 00:52:33,614 - pyskl - INFO - Checkpoints will be saved to /home/jsingh/projects/thesis/code/pyskl_thesis/work_dirs/posec3d/slowonly_r50_ntu60_xsub/limb_thesis by HardDiskBackend.
/opt/conda/conda-bld/pytorch_1646755953518/work/aten/src/ATen/native/cuda/Loss.cu:257: nll_loss_forward_reduce_cuda_kernel_2d: block: [0,0,0], thread: [0,0,0] Assertion `t >= 0 && t < n_classes` failed.
/opt/conda/conda-bld/pytorch_1646755953518/work/aten/src/ATen/native/cuda/Loss.cu:257: nll_loss_forward_reduce_cuda_kernel_2d: block: [0,0,0], thread: [1,0,0] Assertion `t >= 0 && t < n_classes` failed.
/opt/conda/conda-bld/pytorch_1646755953518/work/aten/src/ATen/native/cuda/Loss.cu:257: nll_loss_forward_reduce_cuda_kernel_2d: block: [0,0,0], thread: [4,0,0] Assertion `t >= 0 && t < n_classes` failed.
/opt/conda/conda-bld/pytorch_1646755953518/work/aten/src/ATen/native/cuda/Loss.cu:257: nll_loss_forward_reduce_cuda_kernel_2d: block: [0,0,0], thread: [6,0,0] Assertion `t >= 0 && t < n_classes` failed.
/opt/conda/conda-bld/pytorch_1646755953518/work/aten/src/ATen/native/cuda/Loss.cu:257: nll_loss_forward_reduce_cuda_kernel_2d: block: [0,0,0], thread: [7,0,0] Assertion `t >= 0 && t < n_classes` failed.
/opt/conda/conda-bld/pytorch_1646755953518/work/aten/src/ATen/native/cuda/Loss.cu:257: nll_loss_forward_reduce_cuda_kernel_2d: block: [0,0,0], thread: [9,0,0] Assertion `t >= 0 && t < n_classes` failed.
/opt/conda/conda-bld/pytorch_1646755953518/work/aten/src/ATen/native/cuda/Loss.cu:257: nll_loss_forward_reduce_cuda_kernel_2d: block: [0,0,0], thread: [10,0,0] Assertion `t >= 0 && t < n_classes` failed.
/opt/conda/conda-bld/pytorch_1646755953518/work/aten/src/ATen/native/cuda/Loss.cu:257: nll_loss_forward_reduce_cuda_kernel_2d: block: [0,0,0], thread: [14,0,0] Assertion `t >= 0 && t < n_classes` failed.
/opt/conda/conda-bld/pytorch_1646755953518/work/aten/src/ATen/native/cuda/Loss.cu:257: nll_loss_forward_reduce_cuda_kernel_2d: block: [0,0,0], thread: [18,0,0] Assertion `t >= 0 && t < n_classes` failed.
/opt/conda/conda-bld/pytorch_1646755953518/work/aten/src/ATen/native/cuda/Loss.cu:257: nll_loss_forward_reduce_cuda_kernel_2d: block: [0,0,0], thread: [19,0,0] Assertion `t >= 0 && t < n_classes` failed.
/opt/conda/conda-bld/pytorch_1646755953518/work/aten/src/ATen/native/cuda/Loss.cu:257: nll_loss_forward_reduce_cuda_kernel_2d: block: [0,0,0], thread: [20,0,0] Assertion `t >= 0 && t < n_classes` failed.
/opt/conda/conda-bld/pytorch_1646755953518/work/aten/src/ATen/native/cuda/Loss.cu:257: nll_loss_forward_reduce_cuda_kernel_2d: block: [0,0,0], thread: [24,0,0] Assertion `t >= 0 && t < n_classes` failed.
/opt/conda/conda-bld/pytorch_1646755953518/work/aten/src/ATen/native/cuda/Loss.cu:257: nll_loss_forward_reduce_cuda_kernel_2d: block: [0,0,0], thread: [25,0,0] Assertion `t >= 0 && t < n_classes` failed.
/opt/conda/conda-bld/pytorch_1646755953518/work/aten/src/ATen/native/cuda/Loss.cu:257: nll_loss_forward_reduce_cuda_kernel_2d: block: [0,0,0], thread: [26,0,0] Assertion `t >= 0 && t < n_classes` failed.
/opt/conda/conda-bld/pytorch_1646755953518/work/aten/src/ATen/native/cuda/Loss.cu:257: nll_loss_forward_reduce_cuda_kernel_2d: block: [0,0,0], thread: [27,0,0] Assertion `t >= 0 && t < n_classes` failed.
/opt/conda/conda-bld/pytorch_1646755953518/work/aten/src/ATen/native/cuda/Loss.cu:257: nll_loss_forward_reduce_cuda_kernel_2d: block: [0,0,0], thread: [28,0,0] Assertion `t >= 0 && t < n_classes` failed.
/opt/conda/conda-bld/pytorch_1646755953518/work/aten/src/ATen/native/cuda/Loss.cu:257: nll_loss_forward_reduce_cuda_kernel_2d: block: [0,0,0], thread: [29,0,0] Assertion `t >= 0 && t < n_classes` failed.
/opt/conda/conda-bld/pytorch_1646755953518/work/aten/src/ATen/native/cuda/Loss.cu:257: nll_loss_forward_reduce_cuda_kernel_2d: block: [0,0,0], thread: [30,0,0] Assertion `t >= 0 && t < n_classes` failed.
Traceback (most recent call last):
  File "/home/jsingh/projects/thesis/code/pyskl_thesis/tools/train.py", line 167, in <module>
    main()
  File "/home/jsingh/projects/thesis/code/pyskl_thesis/tools/train.py", line 159, in main
    train_model(model, datasets, cfg, validate=args.validate, test=test_option, timestamp=timestamp, meta=meta)
  File "/home/jsingh/projects/thesis/code/pyskl_thesis/pyskl/apis/train.py", line 144, in train_model
    runner.run(data_loaders, cfg.workflow, cfg.total_epochs)
  File "/root/miniconda3/envs/pys/lib/python3.7/site-packages/mmcv/runner/epoch_based_runner.py", line 127, in run
    epoch_runner(data_loaders[i], **kwargs)
  File "/root/miniconda3/envs/pys/lib/python3.7/site-packages/mmcv/runner/epoch_based_runner.py", line 50, in train
    self.run_iter(data_batch, train_mode=True, **kwargs)
  File "/root/miniconda3/envs/pys/lib/python3.7/site-packages/mmcv/runner/epoch_based_runner.py", line 30, in run_iter
    **kwargs)
  File "/root/miniconda3/envs/pys/lib/python3.7/site-packages/mmcv/parallel/distributed.py", line 59, in train_step
    output = self.module.train_step(*inputs[0], **kwargs[0])
  File "/home/jsingh/projects/thesis/code/pyskl_thesis/pyskl/models/recognizers/base.py", line 188, in train_step
    loss, log_vars = self._parse_losses(losses)
  File "/home/jsingh/projects/thesis/code/pyskl_thesis/pyskl/models/recognizers/base.py", line 147, in _parse_losses
    log_vars[loss_name] = loss_value.item()
RuntimeError: CUDA error: device-side assert triggered
CUDA kernel errors might be asynchronously reported at some other API call,so the stacktrace below might be incorrect.
For debugging consider passing CUDA_LAUNCH_BLOCKING=1.
terminate called after throwing an instance of 'c10::CUDAError'
  what():  CUDA error: device-side assert triggered
CUDA kernel errors might be asynchronously reported at some other API call,so the stacktrace below might be incorrect.
For debugging consider passing CUDA_LAUNCH_BLOCKING=1.
Exception raised from create_event_internal at /opt/conda/conda-bld/pytorch_1646755953518/work/c10/cuda/CUDACachingAllocator.cpp:1230 (most recent call first):
frame #0: c10::Error::Error(c10::SourceLocation, std::string) + 0x4d (0x7f5f0758f1bd in /root/miniconda3/envs/pys/lib/python3.7/site-packages/torch/lib/libc10.so)
frame #1: <unknown function> + 0x1f037 (0x7f5f39bdc037 in /root/miniconda3/envs/pys/lib/python3.7/site-packages/torch/lib/libc10_cuda.so)
frame #2: c10::cuda::CUDACachingAllocator::raw_delete(void*) + 0x23a (0x7f5f39be03ea in /root/miniconda3/envs/pys/lib/python3.7/site-packages/torch/lib/libc10_cuda.so)
frame #3: <unknown function> + 0x2edb28 (0x7f5f8a5d6b28 in /root/miniconda3/envs/pys/lib/python3.7/site-packages/torch/lib/libtorch_python.so)
frame #4: c10::TensorImpl::release_resources() + 0x175 (0x7f5f07575fb5 in /root/miniconda3/envs/pys/lib/python3.7/site-packages/torch/lib/libc10.so)
frame #5: <unknown function> + 0x1daac9 (0x7f5f8a4c3ac9 in /root/miniconda3/envs/pys/lib/python3.7/site-packages/torch/lib/libtorch_python.so)
frame #6: <unknown function> + 0x4cf74c (0x7f5f8a7b874c in /root/miniconda3/envs/pys/lib/python3.7/site-packages/torch/lib/libtorch_python.so)
frame #7: THPVariable_subclass_dealloc(_object*) + 0x299 (0x7f5f8a7b8a69 in /root/miniconda3/envs/pys/lib/python3.7/site-packages/torch/lib/libtorch_python.so)
<omitting python frames>
frame #24: __libc_start_main + 0xf3 (0x7f5fccf4c0b3 in /usr/lib/x86_64-linux-gnu/libc.so.6)

/home/jsingh/projects/thesis/code/pyskl_thesis/scripts/tran_uav.sh: line 12: 2414466 Aborted                 (core dumped) python /home/jsingh/projects/thesis/code/pyskl_thesis/tools/train.py configs/posec3d/slowonly_r50_ntu60_xsub/limb_thesis.py --validate --test-last --test-best
srun: error: kusel: task 0: Exited with exit code 134
srun: Terminating StepId=1795622.0
